// Jest Snapshot v1, https://goo.gl/fbAQLP

exports[`Snapshot testing 1`] = `
<View
  style={
    Array [
      undefined,
      Object {
        "alignItems": "center",
        "flexDirection": "row",
        "flexWrap": "wrap",
      },
      Object {
        "alignItems": "center",
        "flexWrap": "wrap",
        "justifyContent": "flex-start",
      },
    ]
  }
  testID="RADIO_GROUP"
>
  <View
    style={
      Array [
        Object {
          "alignSelf": "flex-start",
          "flexDirection": "row",
          "marginTop": 16,
        },
        Object {
          "width": -93.75,
        },
      ]
    }
  >
    <View
      accessible={true}
      collapsable={false}
      focusable={true}
      nativeID="animatedComponent"
      onClick={[Function]}
      onResponderGrant={[Function]}
      onResponderMove={[Function]}
      onResponderRelease={[Function]}
      onResponderTerminate={[Function]}
      onResponderTerminationRequest={[Function]}
      onStartShouldSetResponder={[Function]}
      style={
        Object {
          "alignItems": "center",
          "backgroundColor": "#FFFFFF",
          "borderColor": "#171717",
          "borderRadius": 10,
          "borderWidth": 1,
          "height": 20,
          "justifyContent": "center",
          "opacity": 1,
          "width": 20,
        }
      }
      testID="RADIO_GROUP_BUTTON"
    >
      <View
        style={
          Array [
            Object {
              "borderRadius": 10,
              "height": 16,
              "justifyContent": "flex-start",
              "width": 16,
            },
            Array [
              Object {
                "backgroundColor": "#171717",
              },
            ],
          ]
        }
      />
    </View>
    <Text
      accessible={true}
      focusable={true}
      numberOfLines={1}
      onClick={[Function]}
      onResponderGrant={[Function]}
      onResponderMove={[Function]}
      onResponderRelease={[Function]}
      onResponderTerminate={[Function]}
      onResponderTerminationRequest={[Function]}
      onStartShouldSetResponder={[Function]}
      style={
        Array [
          Object {
            "fontFamily": "ProximaNova-Semibold",
          },
          Object {
            "color": "#171717",
            "fontSize": 27,
          },
          Object {
            "lineHeight": 32,
          },
          Object {
            "color": "#000000",
            "fontSize": 23,
            "marginLeft": 10,
            "marginRight": 16,
          },
        ]
      }
      testID="RADIO_GROUP_LABEL"
    >
      Male
    </Text>
  </View>
  <View
    style={
      Array [
        Object {
          "alignSelf": "flex-start",
          "flexDirection": "row",
          "marginTop": 16,
        },
        Object {
          "width": -93.75,
        },
      ]
    }
  >
    <View
      accessible={true}
      collapsable={false}
      focusable={true}
      nativeID="animatedComponent"
      onClick={[Function]}
      onResponderGrant={[Function]}
      onResponderMove={[Function]}
      onResponderRelease={[Function]}
      onResponderTerminate={[Function]}
      onResponderTerminationRequest={[Function]}
      onStartShouldSetResponder={[Function]}
      style={
        Object {
          "alignItems": "center",
          "backgroundColor": "#FFFFFF",
          "borderColor": "#171717",
          "borderRadius": 10,
          "borderWidth": 1,
          "height": 20,
          "justifyContent": "center",
          "opacity": 1,
          "width": 20,
        }
      }
      testID="RADIO_GROUP_BUTTON"
    >
      <View
        style={
          Array [
            Object {
              "borderRadius": 10,
              "height": 16,
              "justifyContent": "flex-start",
              "width": 16,
            },
            Array [
              Object {
                "backgroundColor": "#FFFFFF",
              },
            ],
          ]
        }
      />
    </View>
    <Text
      accessible={true}
      focusable={true}
      numberOfLines={1}
      onClick={[Function]}
      onResponderGrant={[Function]}
      onResponderMove={[Function]}
      onResponderRelease={[Function]}
      onResponderTerminate={[Function]}
      onResponderTerminationRequest={[Function]}
      onStartShouldSetResponder={[Function]}
      style={
        Array [
          Object {
            "fontFamily": "ProximaNova-Semibold",
          },
          Object {
            "color": "#171717",
            "fontSize": 27,
          },
          Object {
            "lineHeight": 32,
          },
          Object {
            "color": "#000000",
            "fontSize": 23,
            "marginLeft": 10,
            "marginRight": 16,
          },
        ]
      }
      testID="RADIO_GROUP_LABEL"
    >
      Female
    </Text>
  </View>
  <View
    style={
      Array [
        Object {
          "alignSelf": "flex-start",
          "flexDirection": "row",
          "marginTop": 16,
        },
        Object {
          "width": -93.75,
        },
      ]
    }
  >
    <View
      accessible={true}
      collapsable={false}
      focusable={true}
      nativeID="animatedComponent"
      onClick={[Function]}
      onResponderGrant={[Function]}
      onResponderMove={[Function]}
      onResponderRelease={[Function]}
      onResponderTerminate={[Function]}
      onResponderTerminationRequest={[Function]}
      onStartShouldSetResponder={[Function]}
      style={
        Object {
          "alignItems": "center",
          "backgroundColor": "#FFFFFF",
          "borderColor": "#171717",
          "borderRadius": 10,
          "borderWidth": 1,
          "height": 20,
          "justifyContent": "center",
          "opacity": 1,
          "width": 20,
        }
      }
      testID="RADIO_GROUP_BUTTON"
    >
      <View
        style={
          Array [
            Object {
              "borderRadius": 10,
              "height": 16,
              "justifyContent": "flex-start",
              "width": 16,
            },
            Array [
              Object {
                "backgroundColor": "#FFFFFF",
              },
            ],
          ]
        }
      />
    </View>
    <Text
      accessible={true}
      focusable={true}
      numberOfLines={1}
      onClick={[Function]}
      onResponderGrant={[Function]}
      onResponderMove={[Function]}
      onResponderRelease={[Function]}
      onResponderTerminate={[Function]}
      onResponderTerminationRequest={[Function]}
      onStartShouldSetResponder={[Function]}
      style={
        Array [
          Object {
            "fontFamily": "ProximaNova-Semibold",
          },
          Object {
            "color": "#171717",
            "fontSize": 27,
          },
          Object {
            "lineHeight": 32,
          },
          Object {
            "color": "#000000",
            "fontSize": 23,
            "marginLeft": 10,
            "marginRight": 16,
          },
        ]
      }
      testID="RADIO_GROUP_LABEL"
    >
      Others
    </Text>
  </View>
</View>
`;
