// Jest Snapshot v1, https://goo.gl/fbAQLP

exports[`Renders snapshot as expected 1`] = `
<View
  style={
    Array [
      Object {
        "flex": 1,
      },
      undefined,
    ]
  }
>
  <View
    animated={true}
    animationConfig={
      Object {
        "bounciness": 0,
      }
    }
    animationType="timing"
    indeterminate={false}
    indeterminateAnimationDuration={1000}
    onLayout={[Function]}
    progress={0.25}
    style={
      Array [
        Object {
          "backgroundColor": "#737373",
          "borderColor": "#171717",
          "borderRadius": 50,
          "borderWidth": 0,
          "overflow": "hidden",
          "width": null,
        },
        undefined,
      ]
    }
    useNativeDriver={true}
  >
    <View
      collapsable={false}
      nativeID="animatedComponent"
      style={
        Object {
          "backgroundColor": "#171717",
          "borderRadius": 50,
          "height": 20,
          "transform": Array [
            Object {
              "translateX": -0,
            },
            Object {
              "translateX": -0,
            },
            Object {
              "scaleX": 0.250075,
            },
          ],
        }
      }
    />
  </View>
  <View
    style={
      Object {
        "flexDirection": "row",
        "paddingTop": 5,
      }
    }
    testID="bottom-view"
  >
    <Text
      numberOfLines={1}
      style={
        Array [
          Object {
            "fontFamily": "ProximaNova-Regular",
          },
          Object {
            "color": "#171717",
            "fontSize": 27,
          },
          Object {
            "lineHeight": 35,
          },
          Array [
            Object {
              "fontSize": 25,
              "fontWeight": "400",
            },
            undefined,
          ],
        ]
      }
    >
      Complete profile & questionnaire: 
    </Text>
    <Text
      numberOfLines={1}
      style={
        Array [
          Object {
            "fontFamily": "ProximaNova-Regular",
          },
          Object {
            "color": "#171717",
            "fontSize": 27,
          },
          Object {
            "lineHeight": 35,
          },
          Array [
            Object {
              "fontSize": 25,
              "fontWeight": "400",
            },
            Object {
              "fontWeight": "700",
            },
            undefined,
          ],
        ]
      }
    >
      25%
    </Text>
  </View>
</View>
`;
